main:
	add, 3, 4, $t0
	assign, $t1, 1, 
	brneq, 1, $t0, compare_label0
	assign, $t1, 0, 
compare_label0:
	breq, $t1, 0, if_label1
	and, 1, 2, $t2
	or, $t2, 3, $t3
	breq, $t3, 0, if_label2
	call, flush
if_label2:
	goto, if_label3, , 
if_label1:
	call, flush
if_label3:
	return, , , 
