	assign, X, 100, 10
	assign, Y, 100, 10
	assign, i, 0, 
	assign, sum, 0, 
main:
	assign, i, 0, 
loop_label0:
	brgt, i, 100, loop_label1
	array_load, $t0, X, i
	array_load, $t1, Y, i
	mult, $t0, $t1, $t2
	add, sum, $t2, $t3
	assign, sum, $t3, 
	add, i, 1, i
	goto, loop_label0, , 
loop_label1:
	call, printi, sum
	return, , , 
