	assign, a, 0, 
	assign, b, 0, 
main:
	assign, $t0, 1, 
	breq, a, b, compare_label0
	assign, $t0, 0, 
compare_label0:
	breq, $t0, 0, if_label1
	add, b, 2, $t1
	assign, a, $t1, 
	goto, if_label2, , 
if_label1:
	assign, a, 2, 
if_label2:
	call, printi, a
	return, , , 
